[SF] Main Stockfish instance created
[TRAINER] Model on CUDA
[TRAINER] Using shared Stockfish instance
[Checkpoint] Loaded step=0, games=0
[HF] Connected to repo: LanceAbuan/chess-alpha-zero
[BOOT] Trainer initialized eagerly
[SF] Side game 1 Stockfish instance created
[SF] Side game 2 Stockfish instance created
[SIDE-GAME] Started side game 1
[SIDE-GAME] Started side game 2
[BOOT] Side games started on boot
 * Serving Flask app 'app'
 * Debug mode: on
WARNING: This is a development server. Do not use it in a production deployment. Use a production WSGI server instead.
 * Running on all addresses (0.0.0.0)
 * Running on http://127.0.0.1:5000
 * Running on http://192.168.1.217:5000
Press CTRL+C to quit
 * Restarting with stat
[SF] Main Stockfish instance created
[TRAINER] Model on CUDA
[TRAINER] Using shared Stockfish instance
[Checkpoint] Loaded step=0, games=0
[HF] Connected to repo: LanceAbuan/chess-alpha-zero
[BOOT] Trainer initialized eagerly
[SF] Side game 1 Stockfish instance created
[SF] Side game 2 Stockfish instance created
[SIDE-GAME] Started side game 1
[SIDE-GAME] Started side game 2
[BOOT] Side games started on boot
 * Debugger is active!
 * Debugger PIN: 631-683-901
127.0.0.1 - - [08/Jun/2026 00:27:54] "GET / HTTP/1.1" 200 -
127.0.0.1 - - [08/Jun/2026 00:29:11] "GET / HTTP/1.1" 200 -
127.0.0.1 - - [08/Jun/2026 00:30:19] "GET / HTTP/1.1" 200 -
127.0.0.1 - - [08/Jun/2026 00:31:19] "GET / HTTP/1.1" 200 -
127.0.0.1 - - [08/Jun/2026 00:32:27] "GET / HTTP/1.1" 200 -
127.0.0.1 - - [08/Jun/2026 00:33:24] "GET / HTTP/1.1" 200 -
127.0.0.1 - - [08/Jun/2026 00:34:23] "GET / HTTP/1.1" 200 -
 * Detected change in '/home/lance/TheFoolsGambitPython/tests/test_tensorize.py', reloading
 * Restarting with stat
[SF] Main Stockfish instance created
[TRAINER] Model on CUDA
[TRAINER] Using shared Stockfish instance
[Checkpoint] Loaded step=0, games=0
[HF] Connected to repo: LanceAbuan/chess-alpha-zero
[BOOT] Trainer initialized eagerly
[SF] Side game 1 Stockfish instance created
[SF] Side game 2 Stockfish instance created
[SIDE-GAME] Started side game 1
[SIDE-GAME] Started side game 2
[BOOT] Side games started on boot
 * Debugger is active!
 * Debugger PIN: 631-683-901
127.0.0.1 - - [08/Jun/2026 00:35:56] "GET / HTTP/1.1" 200 -
 * Detected change in '/home/lance/TheFoolsGambitPython/tests/test_training_buffer.py', reloading
 * Restarting with stat
[SF] Main Stockfish instance created
[TRAINER] Model on CUDA
[TRAINER] Using shared Stockfish instance
[Checkpoint] Loaded step=0, games=0
[HF] Connected to repo: LanceAbuan/chess-alpha-zero
[BOOT] Trainer initialized eagerly
[SF] Side game 1 Stockfish instance created
[SF] Side game 2 Stockfish instance created
[SIDE-GAME] Started side game 1
[SIDE-GAME] Started side game 2
[BOOT] Side games started on boot
 * Debugger is active!
 * Debugger PIN: 631-683-901
 * Detected change in '/home/lance/TheFoolsGambitPython/tests/test_model.py', reloading
 * Restarting with stat
[SF] Main Stockfish instance created
[TRAINER] Model on CUDA
[TRAINER] Using shared Stockfish instance
[Checkpoint] Loaded step=0, games=0
[HF] Connected to repo: LanceAbuan/chess-alpha-zero
[BOOT] Trainer initialized eagerly
[SF] Side game 1 Stockfish instance created
[SF] Side game 2 Stockfish instance created
[SIDE-GAME] Started side game 1
[SIDE-GAME] Started side game 2
[BOOT] Side games started on boot
 * Debugger is active!
 * Debugger PIN: 631-683-901
127.0.0.1 - - [08/Jun/2026 00:36:35] "GET / HTTP/1.1" 200 -
 * Detected change in '/home/lance/TheFoolsGambitPython/tests/test_tensorize.py', reloading
 * Restarting with stat
[SF] Main Stockfish instance created
[TRAINER] Model on CUDA
[TRAINER] Using shared Stockfish instance
[Checkpoint] Loaded step=0, games=0
[HF] Connected to repo: LanceAbuan/chess-alpha-zero
[BOOT] Trainer initialized eagerly
[SF] Side game 1 Stockfish instance created
[SF] Side game 2 Stockfish instance created
[SIDE-GAME] Started side game 1
[SIDE-GAME] Started side game 2
[BOOT] Side games started on boot
 * Debugger is active!
 * Debugger PIN: 631-683-901
127.0.0.1 - - [08/Jun/2026 00:38:06] "GET / HTTP/1.1" 200 -
 * Detected change in '/home/lance/TheFoolsGambitPython/tests/test_tensorize.py', reloading
 * Restarting with stat
[SF] Main Stockfish instance created
[TRAINER] Model on CUDA
[TRAINER] Using shared Stockfish instance
[Checkpoint] Loaded step=0, games=0
[HF] Connected to repo: LanceAbuan/chess-alpha-zero
[BOOT] Trainer initialized eagerly
[SF] Side game 1 Stockfish instance created
[SF] Side game 2 Stockfish instance created
[SIDE-GAME] Started side game 1
[SIDE-GAME] Started side game 2
[BOOT] Side games started on boot
 * Debugger is active!
 * Debugger PIN: 631-683-901
127.0.0.1 - - [08/Jun/2026 00:40:20] "GET / HTTP/1.1" 200 -
127.0.0.1 - - [08/Jun/2026 00:42:49] "GET / HTTP/1.1" 200 -
127.0.0.1 - - [08/Jun/2026 00:44:46] "GET / HTTP/1.1" 200 -
 * Detected change in '/home/lance/TheFoolsGambitPython/training/stockfish_engine.py', reloading
 * Restarting with stat
Traceback (most recent call last):
  File "/home/lance/TheFoolsGambitPython/TheFoolsGambitPython/backend/app.py", line 13, in <module>
    from training.server import training_bp  # noqa: E402
  File "/home/lance/TheFoolsGambitPython/TheFoolsGambitPython/backend/../../training/server.py", line 20, in <module>
    from .stockfish_engine import StockfishPlayer
  File "/home/lance/TheFoolsGambitPython/TheFoolsGambitPython/backend/../../training/stockfish_engine.py", line 25, in <module>
    log = logging.getLogger(__name__)
NameError: name 'logging' is not defined
